README.md
bundles
  bundles/example-with-ts-library-portal.umd.js
  bundles/example-with-ts-library-portal.umd.js.map
  bundles/example-with-ts-library-portal.umd.min.js
  bundles/example-with-ts-library-portal.umd.min.js.map
  bundles/example-with-ts-library-utils.umd.js
  bundles/example-with-ts-library-utils.umd.js.map
  bundles/example-with-ts-library-utils.umd.min.js
  bundles/example-with-ts-library-utils.umd.min.js.map
  bundles/example-with-ts-library.umd.js
  bundles/example-with-ts-library.umd.js.map
  bundles/example-with-ts-library.umd.min.js
  bundles/example-with-ts-library.umd.min.js.map
esm2015
  esm2015/example.externs.js
  esm2015/index.js
  esm2015/portal
    esm2015/portal/index.js
    esm2015/portal/portal-module.js
    esm2015/portal/portal.externs.js
    esm2015/portal/portal.js
  esm2015/utils
    esm2015/utils/index.js
    esm2015/utils/testing.js
    esm2015/utils/utils.externs.js
fesm2015
  fesm2015/example-with-ts-library.js
  fesm2015/example-with-ts-library.js.map
  fesm2015/portal.js
  fesm2015/portal.js.map
  fesm2015/utils.js
  fesm2015/utils.js.map
index.d.ts
package.json
portal
  portal/index.d.ts
  portal/package.json
  portal/portal-module.d.ts
  portal/portal.d.ts
  portal/portal.metadata.json
portal.d.ts
portal.metadata.json
utils
  utils/index.d.ts
  utils/package.json
  utils/testing.d.ts
utils.d.ts
with-ts-library
  with-ts-library/package.json
with-ts-library.d.ts
--- README.md ---

Angular
=======

The sources for this package are in the main [Angular](https://github.com/angular/angular) repo. Please file issues and pull requests against that repo.

Usage information and reference details can be found in [Angular documentation](https://angular.io/docs).

License: MIT


--- bundles/example-with-ts-library-portal.umd.js ---

/**
 * @license Angular v0.0.0
 * (c) 2010-2020 Google LLC. https://angular.io/
 * License: MIT
 */

(function (global, factory) {
    typeof exports === 'object' && typeof module !== 'undefined' ? factory(exports, require('@angular/core')) :
    typeof define === 'function' && define.amd ? define('example/portal', ['exports', '@angular/core'], factory) :
    (global = global || self, factory((global.example = global.example || {}, global.example.portal = {}), global.ng.core));
}(this, (function (exports, core) { 'use strict';

    /*! *****************************************************************************
    Copyright (c) Microsoft Corporation. All rights reserved.
    Licensed under the Apache License, Version 2.0 (the "License"); you may not use
    this file except in compliance with the License. You may obtain a copy of the
    License at http://www.apache.org/licenses/LICENSE-2.0

    THIS CODE IS PROVIDED ON AN *AS IS* BASIS, WITHOUT WARRANTIES OR CONDITIONS OF ANY
    KIND, EITHER EXPRESS OR IMPLIED, INCLUDING WITHOUT LIMITATION ANY IMPLIED
    WARRANTIES OR CONDITIONS OF TITLE, FITNESS FOR A PARTICULAR PURPOSE,
    MERCHANTABLITY OR NON-INFRINGEMENT.

    See the Apache Version 2.0 License for specific language governing permissions
    and limitations under the License.
    ***************************************************************************** */
    /* global Reflect, Promise */

    var extendStatics = function(d, b) {
        extendStatics = Object.setPrototypeOf ||
            ({ __proto__: [] } instanceof Array && function (d, b) { d.__proto__ = b; }) ||
            function (d, b) { for (var p in b) if (b.hasOwnProperty(p)) d[p] = b[p]; };
        return extendStatics(d, b);
    };

    function __extends(d, b) {
        extendStatics(d, b);
        function __() { this.constructor = d; }
        d.prototype = b === null ? Object.create(b) : (__.prototype = b.prototype, new __());
    }

    var __assign = function() {
        __assign = Object.assign || function __assign(t) {
            for (var s, i = 1, n = arguments.length; i < n; i++) {
                s = arguments[i];
                for (var p in s) if (Object.prototype.hasOwnProperty.call(s, p)) t[p] = s[p];
            }
            return t;
        };
        return __assign.apply(this, arguments);
    };

    function __rest(s, e) {
        var t = {};
        for (var p in s) if (Object.prototype.hasOwnProperty.call(s, p) && e.indexOf(p) < 0)
            t[p] = s[p];
        if (s != null && typeof Object.getOwnPropertySymbols === "function")
            for (var i = 0, p = Object.getOwnPropertySymbols(s); i < p.length; i++) {
                if (e.indexOf(p[i]) < 0 && Object.prototype.propertyIsEnumerable.call(s, p[i]))
                    t[p[i]] = s[p[i]];
            }
        return t;
    }

    function __decorate(decorators, target, key, desc) {
        var c = arguments.length, r = c < 3 ? target : desc === null ? desc = Object.getOwnPropertyDescriptor(target, key) : desc, d;
        if (typeof Reflect === "object" && typeof Reflect.decorate === "function") r = Reflect.decorate(decorators, target, key, desc);
        else for (var i = decorators.length - 1; i >= 0; i--) if (d = decorators[i]) r = (c < 3 ? d(r) : c > 3 ? d(target, key, r) : d(target, key)) || r;
        return c > 3 && r && Object.defineProperty(target, key, r), r;
    }

    function __param(paramIndex, decorator) {
        return function (target, key) { decorator(target, key, paramIndex); }
    }

    function __metadata(metadataKey, metadataValue) {
        if (typeof Reflect === "object" && typeof Reflect.metadata === "function") return Reflect.metadata(metadataKey, metadataValue);
    }

    function __awaiter(thisArg, _arguments, P, generator) {
        function adopt(value) { return value instanceof P ? value : new P(function (resolve) { resolve(value); }); }
        return new (P || (P = Promise))(function (resolve, reject) {
            function fulfilled(value) { try { step(generator.next(value)); } catch (e) { reject(e); } }
            function rejected(value) { try { step(generator["throw"](value)); } catch (e) { reject(e); } }
            function step(result) { result.done ? resolve(result.value) : adopt(result.value).then(fulfilled, rejected); }
            step((generator = generator.apply(thisArg, _arguments || [])).next());
        });
    }

    function __generator(thisArg, body) {
        var _ = { label: 0, sent: function() { if (t[0] & 1) throw t[1]; return t[1]; }, trys: [], ops: [] }, f, y, t, g;
        return g = { next: verb(0), "throw": verb(1), "return": verb(2) }, typeof Symbol === "function" && (g[Symbol.iterator] = function() { return this; }), g;
        function verb(n) { return function (v) { return step([n, v]); }; }
        function step(op) {
            if (f) throw new TypeError("Generator is already executing.");
            while (_) try {
                if (f = 1, y && (t = op[0] & 2 ? y["return"] : op[0] ? y["throw"] || ((t = y["return"]) && t.call(y), 0) : y.next) && !(t = t.call(y, op[1])).done) return t;
                if (y = 0, t) op = [op[0] & 2, t.value];
                switch (op[0]) {
                    case 0: case 1: t = op; break;
                    case 4: _.label++; return { value: op[1], done: false };
                    case 5: _.label++; y = op[1]; op = [0]; continue;
                    case 7: op = _.ops.pop(); _.trys.pop(); continue;
                    default:
                        if (!(t = _.trys, t = t.length > 0 && t[t.length - 1]) && (op[0] === 6 || op[0] === 2)) { _ = 0; continue; }
                        if (op[0] === 3 && (!t || (op[1] > t[0] && op[1] < t[3]))) { _.label = op[1]; break; }
                        if (op[0] === 6 && _.label < t[1]) { _.label = t[1]; t = op; break; }
                        if (t && _.label < t[2]) { _.label = t[2]; _.ops.push(op); break; }
                        if (t[2]) _.ops.pop();
                        _.trys.pop(); continue;
                }
                op = body.call(thisArg, _);
            } catch (e) { op = [6, e]; y = 0; } finally { f = t = 0; }
            if (op[0] & 5) throw op[1]; return { value: op[0] ? op[1] : void 0, done: true };
        }
    }

    function __exportStar(m, exports) {
        for (var p in m) if (!exports.hasOwnProperty(p)) exports[p] = m[p];
    }

    function __values(o) {
        var s = typeof Symbol === "function" && Symbol.iterator, m = s && o[s], i = 0;
        if (m) return m.call(o);
        if (o && typeof o.length === "number") return {
            next: function () {
                if (o && i >= o.length) o = void 0;
                return { value: o && o[i++], done: !o };
            }
        };
        throw new TypeError(s ? "Object is not iterable." : "Symbol.iterator is not defined.");
    }

    function __read(o, n) {
        var m = typeof Symbol === "function" && o[Symbol.iterator];
        if (!m) return o;
        var i = m.call(o), r, ar = [], e;
        try {
            while ((n === void 0 || n-- > 0) && !(r = i.next()).done) ar.push(r.value);
        }
        catch (error) { e = { error: error }; }
        finally {
            try {
                if (r && !r.done && (m = i["return"])) m.call(i);
            }
            finally { if (e) throw e.error; }
        }
        return ar;
    }

    function __spread() {
        for (var ar = [], i = 0; i < arguments.length; i++)
            ar = ar.concat(__read(arguments[i]));
        return ar;
    }

    function __spreadArrays() {
        for (var s = 0, i = 0, il = arguments.length; i < il; i++) s += arguments[i].length;
        for (var r = Array(s), k = 0, i = 0; i < il; i++)
            for (var a = arguments[i], j = 0, jl = a.length; j < jl; j++, k++)
                r[k] = a[j];
        return r;
    };

    function __await(v) {
        return this instanceof __await ? (this.v = v, this) : new __await(v);
    }

    function __asyncGenerator(thisArg, _arguments, generator) {
        if (!Symbol.asyncIterator) throw new TypeError("Symbol.asyncIterator is not defined.");
        var g = generator.apply(thisArg, _arguments || []), i, q = [];
        return i = {}, verb("next"), verb("throw"), verb("return"), i[Symbol.asyncIterator] = function () { return this; }, i;
        function verb(n) { if (g[n]) i[n] = function (v) { return new Promise(function (a, b) { q.push([n, v, a, b]) > 1 || resume(n, v); }); }; }
        function resume(n, v) { try { step(g[n](v)); } catch (e) { settle(q[0][3], e); } }
        function step(r) { r.value instanceof __await ? Promise.resolve(r.value.v).then(fulfill, reject) : settle(q[0][2], r); }
        function fulfill(value) { resume("next", value); }
        function reject(value) { resume("throw", value); }
        function settle(f, v) { if (f(v), q.shift(), q.length) resume(q[0][0], q[0][1]); }
    }

    function __asyncDelegator(o) {
        var i, p;
        return i = {}, verb("next"), verb("throw", function (e) { throw e; }), verb("return"), i[Symbol.iterator] = function () { return this; }, i;
        function verb(n, f) { i[n] = o[n] ? function (v) { return (p = !p) ? { value: __await(o[n](v)), done: n === "return" } : f ? f(v) : v; } : f; }
    }

    function __asyncValues(o) {
        if (!Symbol.asyncIterator) throw new TypeError("Symbol.asyncIterator is not defined.");
        var m = o[Symbol.asyncIterator], i;
        return m ? m.call(o) : (o = typeof __values === "function" ? __values(o) : o[Symbol.iterator](), i = {}, verb("next"), verb("throw"), verb("return"), i[Symbol.asyncIterator] = function () { return this; }, i);
        function verb(n) { i[n] = o[n] && function (v) { return new Promise(function (resolve, reject) { v = o[n](v), settle(resolve, reject, v.done, v.value); }); }; }
        function settle(resolve, reject, d, v) { Promise.resolve(v).then(function(v) { resolve({ value: v, done: d }); }, reject); }
    }

    function __makeTemplateObject(cooked, raw) {
        if (Object.defineProperty) { Object.defineProperty(cooked, "raw", { value: raw }); } else { cooked.raw = raw; }
        return cooked;
    };

    function __importStar(mod) {
        if (mod && mod.__esModule) return mod;
        var result = {};
        if (mod != null) for (var k in mod) if (Object.hasOwnProperty.call(mod, k)) result[k] = mod[k];
        result.default = mod;
        return result;
    }

    function __importDefault(mod) {
        return (mod && mod.__esModule) ? mod : { default: mod };
    }

    function __classPrivateFieldGet(receiver, privateMap) {
        if (!privateMap.has(receiver)) {
            throw new TypeError("attempted to get private field on non-instance");
        }
        return privateMap.get(receiver);
    }

    function __classPrivateFieldSet(receiver, privateMap, value) {
        if (!privateMap.has(receiver)) {
            throw new TypeError("attempted to set private field on non-instance");
        }
        privateMap.set(receiver, value);
        return value;
    }

    /**
     * @license
     * Copyright Google Inc. All Rights Reserved.
     *
     * Use of this source code is governed by an MIT-style license that can be
     * found in the LICENSE file at https://angular.io/license
     */
    var PortalModule = /** @class */ (function () {
        function PortalModule() {
        }
        PortalModule = __decorate([
            core.NgModule({})
        ], PortalModule);
        return PortalModule;
    }());
    var a = 1;

    /**
     * @license
     * Copyright Google Inc. All Rights Reserved.
     *
     * Use of this source code is governed by an MIT-style license that can be
     * found in the LICENSE file at https://angular.io/license
     */

    /**
     * Generated bundle index. Do not edit.
     */

    exports.PortalModule = PortalModule;
    exports.a = a;

    Object.defineProperty(exports, '__esModule', { value: true });

})));
//# sourceMappingURL=example-with-ts-library-portal.umd.js.map


--- bundles/example-with-ts-library-portal.umd.min.js ---

/**
 * @license Angular v0.0.0
 * (c) 2010-2020 Google LLC. https://angular.io/
 * License: MIT
 */
!function(e,t){"object"==typeof exports&&"undefined"!=typeof module?t(exports,require("@angular/core")):"function"==typeof define&&define.amd?define("example/portal",["exports","@angular/core"],t):t(((e=e||self).example=e.example||{},e.example.portal={}),e.ng.core)}(this,(function(e,t){"use strict";
/*! *****************************************************************************
    Copyright (c) Microsoft Corporation. All rights reserved.
    Licensed under the Apache License, Version 2.0 (the "License"); you may not use
    this file except in compliance with the License. You may obtain a copy of the
    License at http://www.apache.org/licenses/LICENSE-2.0

    THIS CODE IS PROVIDED ON AN *AS IS* BASIS, WITHOUT WARRANTIES OR CONDITIONS OF ANY
    KIND, EITHER EXPRESS OR IMPLIED, INCLUDING WITHOUT LIMITATION ANY IMPLIED
    WARRANTIES OR CONDITIONS OF TITLE, FITNESS FOR A PARTICULAR PURPOSE,
    MERCHANTABLITY OR NON-INFRINGEMENT.

    See the Apache Version 2.0 License for specific language governing permissions
    and limitations under the License.
    ***************************************************************************** */
/**
     * @license
     * Copyright Google Inc. All Rights Reserved.
     *
     * Use of this source code is governed by an MIT-style license that can be
     * found in the LICENSE file at https://angular.io/license
     */
var o=function r(e,t,o,n){var f,l=arguments.length,c=l<3?t:null===n?n=Object.getOwnPropertyDescriptor(t,o):n;if("object"==typeof Reflect&&"function"==typeof Reflect.decorate)c=Reflect.decorate(e,t,o,n);else for(var a=e.length-1;a>=0;a--)(f=e[a])&&(c=(l<3?f(c):l>3?f(t,o,c):f(t,o))||c);return l>3&&c&&Object.defineProperty(t,o,c),c}([t.NgModule({})],(function o(){}));
/**
     * @license
     * Copyright Google Inc. All Rights Reserved.
     *
     * Use of this source code is governed by an MIT-style license that can be
     * found in the LICENSE file at https://angular.io/license
     */
e.PortalModule=o,e.a=1,Object.defineProperty(e,"__esModule",{value:!0})}));

--- bundles/example-with-ts-library-utils.umd.js ---

/**
 * @license Angular v0.0.0
 * (c) 2010-2020 Google LLC. https://angular.io/
 * License: MIT
 */

(function (global, factory) {
    typeof exports === 'object' && typeof module !== 'undefined' ? factory(exports) :
    typeof define === 'function' && define.amd ? define('example/utils', ['exports'], factory) :
    (global = global || self, factory((global.example = global.example || {}, global.example.utils = {})));
}(this, (function (exports) { 'use strict';

    /**
     * @license
     * Copyright Google Inc. All Rights Reserved.
     *
     * Use of this source code is governed by an MIT-style license that can be
     * found in the LICENSE file at https://angular.io/license
     */
    function dispatchFakeEvent(el, ev) {
        el.dispatchEvent(ev);
    }

    /**
     * @license
     * Copyright Google Inc. All Rights Reserved.
     *
     * Use of this source code is governed by an MIT-style license that can be
     * found in the LICENSE file at https://angular.io/license
     */

    exports.dispatchFakeEvent = dispatchFakeEvent;

    Object.defineProperty(exports, '__esModule', { value: true });

})));
//# sourceMappingURL=example-with-ts-library-utils.umd.js.map


--- bundles/example-with-ts-library-utils.umd.min.js ---

/**
 * @license Angular v0.0.0
 * (c) 2010-2020 Google LLC. https://angular.io/
 * License: MIT
 */
!function(e,t){"object"==typeof exports&&"undefined"!=typeof module?t(exports):"function"==typeof define&&define.amd?define("example/utils",["exports"],t):t(((e=e||self).example=e.example||{},e.example.utils={}))}(this,(function(e){"use strict";
/**
     * @license
     * Copyright Google Inc. All Rights Reserved.
     *
     * Use of this source code is governed by an MIT-style license that can be
     * found in the LICENSE file at https://angular.io/license
     */
/**
     * @license
     * Copyright Google Inc. All Rights Reserved.
     *
     * Use of this source code is governed by an MIT-style license that can be
     * found in the LICENSE file at https://angular.io/license
     */
e.dispatchFakeEvent=function t(e,n){e.dispatchEvent(n)},Object.defineProperty(e,"__esModule",{value:!0})}));

--- bundles/example-with-ts-library.umd.js ---

/**
 * @license Angular v0.0.0
 * (c) 2010-2020 Google LLC. https://angular.io/
 * License: MIT
 */

(function (global, factory) {
	typeof exports === 'object' && typeof module !== 'undefined' ? factory(exports) :
	typeof define === 'function' && define.amd ? define('example-with-ts-library', ['exports'], factory) :
	(global = global || self, factory(global.exampleWithTsLibrary = {}));
}(this, (function (exports) { 'use strict';

	/**
	 * @license
	 * Copyright Google Inc. All Rights Reserved.
	 *
	 * Use of this source code is governed by an MIT-style license that can be
	 * found in the LICENSE file at https://angular.io/license
	 */
	var VERSION = '0.0.0';

	exports.VERSION = VERSION;

	Object.defineProperty(exports, '__esModule', { value: true });

})));
//# sourceMappingURL=example-with-ts-library.umd.js.map


--- bundles/example-with-ts-library.umd.min.js ---

/**
 * @license Angular v0.0.0
 * (c) 2010-2020 Google LLC. https://angular.io/
 * License: MIT
 */
!function(e,t){"object"==typeof exports&&"undefined"!=typeof module?t(exports):"function"==typeof define&&define.amd?define("example-with-ts-library",["exports"],t):t((e=e||self).exampleWithTsLibrary={})}(this,(function(e){"use strict";
/**
	 * @license
	 * Copyright Google Inc. All Rights Reserved.
	 *
	 * Use of this source code is governed by an MIT-style license that can be
	 * found in the LICENSE file at https://angular.io/license
	 */e.VERSION="0.0.0",Object.defineProperty(e,"__esModule",{value:!0})}));

--- esm2015/example.externs.js ---



--- esm2015/index.js ---

/**
 * @license
 * Copyright Google Inc. All Rights Reserved.
 *
 * Use of this source code is governed by an MIT-style license that can be
 * found in the LICENSE file at https://angular.io/license
 */
export const VERSION = '0.0.0';
//# sourceMappingURL=data:application/json;base64,eyJ2ZXJzaW9uIjozLCJmaWxlIjoiaW5kZXguanMiLCJzb3VyY2VSb290IjoiIiwic291cmNlcyI6WyIuLi8uLi8uLi8uLi8uLi8uLi8uLi8uLi9wYWNrYWdlcy9iYXplbC90ZXN0L25nX3BhY2thZ2UvZXhhbXBsZS13aXRoLXRzLWxpYnJhcnkvaW5kZXgudHMiXSwibmFtZXMiOltdLCJtYXBwaW5ncyI6IkFBQUE7Ozs7OztHQU1HO0FBRUgsTUFBTSxDQUFDLE1BQU0sT0FBTyxHQUFHLE9BQU8sQ0FBQyIsInNvdXJjZXNDb250ZW50IjpbIi8qKlxuICogQGxpY2Vuc2VcbiAqIENvcHlyaWdodCBHb29nbGUgSW5jLiBBbGwgUmlnaHRzIFJlc2VydmVkLlxuICpcbiAqIFVzZSBvZiB0aGlzIHNvdXJjZSBjb2RlIGlzIGdvdmVybmVkIGJ5IGFuIE1JVC1zdHlsZSBsaWNlbnNlIHRoYXQgY2FuIGJlXG4gKiBmb3VuZCBpbiB0aGUgTElDRU5TRSBmaWxlIGF0IGh0dHBzOi8vYW5ndWxhci5pby9saWNlbnNlXG4gKi9cblxuZXhwb3J0IGNvbnN0IFZFUlNJT04gPSAnMC4wLjAnO1xuIl19

--- esm2015/portal/index.js ---

/**
 * @fileoverview added by tsickle
 * Generated from: packages/bazel/test/ng_package/example-with-ts-library/portal/index.ts
 * @suppress {checkTypes,constantProperty,extraRequire,missingOverride,missingReturn,unusedPrivateMembers,uselessCode} checked by tsc
 */
/**
 * @license
 * Copyright Google Inc. All Rights Reserved.
 *
 * Use of this source code is governed by an MIT-style license that can be
 * found in the LICENSE file at https://angular.io/license
 */
export { PortalModule, a } from './portal-module';
//# sourceMappingURL=data:application/json;base64,eyJ2ZXJzaW9uIjozLCJmaWxlIjoiaW5kZXguanMiLCJzb3VyY2VSb290IjoiIiwic291cmNlcyI6WyIuLi8uLi8uLi8uLi8uLi8uLi8uLi8uLi8uLi9wYWNrYWdlcy9iYXplbC90ZXN0L25nX3BhY2thZ2UvZXhhbXBsZS13aXRoLXRzLWxpYnJhcnkvcG9ydGFsL2luZGV4LnRzIl0sIm5hbWVzIjpbXSwibWFwcGluZ3MiOiI7Ozs7Ozs7Ozs7OztBQVFBLGdDQUFjLGlCQUFpQixDQUFDIiwic291cmNlc0NvbnRlbnQiOlsiLyoqXG4gKiBAbGljZW5zZVxuICogQ29weXJpZ2h0IEdvb2dsZSBJbmMuIEFsbCBSaWdodHMgUmVzZXJ2ZWQuXG4gKlxuICogVXNlIG9mIHRoaXMgc291cmNlIGNvZGUgaXMgZ292ZXJuZWQgYnkgYW4gTUlULXN0eWxlIGxpY2Vuc2UgdGhhdCBjYW4gYmVcbiAqIGZvdW5kIGluIHRoZSBMSUNFTlNFIGZpbGUgYXQgaHR0cHM6Ly9hbmd1bGFyLmlvL2xpY2Vuc2VcbiAqL1xuXG5leHBvcnQgKiBmcm9tICcuL3BvcnRhbC1tb2R1bGUnO1xuIl19

--- esm2015/portal/portal-module.js ---

/**
 * @fileoverview added by tsickle
 * Generated from: packages/bazel/test/ng_package/example-with-ts-library/portal/portal-module.ts
 * @suppress {checkTypes,constantProperty,extraRequire,missingOverride,missingReturn,unusedPrivateMembers,uselessCode} checked by tsc
 */
/**
 * @license
 * Copyright Google Inc. All Rights Reserved.
 *
 * Use of this source code is governed by an MIT-style license that can be
 * found in the LICENSE file at https://angular.io/license
 */
import { NgModule } from '@angular/core';
let PortalModule = /** @class */ (() => {
    class PortalModule {
    }
    PortalModule.decorators = [
        { type: NgModule, args: [{},] }
    ];
    return PortalModule;
})();
export { PortalModule };
/** @type {?} */
export const a = 1;
//# sourceMappingURL=data:application/json;base64,eyJ2ZXJzaW9uIjozLCJmaWxlIjoicG9ydGFsLW1vZHVsZS5qcyIsInNvdXJjZVJvb3QiOiIiLCJzb3VyY2VzIjpbIi4uLy4uLy4uLy4uLy4uLy4uLy4uLy4uLy4uL3BhY2thZ2VzL2JhemVsL3Rlc3QvbmdfcGFja2FnZS9leGFtcGxlLXdpdGgtdHMtbGlicmFyeS9wb3J0YWwvcG9ydGFsLW1vZHVsZS50cyJdLCJuYW1lcyI6W10sIm1hcHBpbmdzIjoiOzs7Ozs7Ozs7Ozs7QUFRQSxPQUFPLEVBQUMsUUFBUSxFQUFDLE1BQU0sZUFBZSxDQUFDO0FBRXZDO0lBQUEsTUFDYSxZQUFZOzs7Z0JBRHhCLFFBQVEsU0FBQyxFQUFFOztJQUVaLG1CQUFDO0tBQUE7U0FEWSxZQUFZOztBQUd6QixNQUFNLE9BQU8sQ0FBQyxHQUFHLENBQUMiLCJzb3VyY2VzQ29udGVudCI6WyIvKipcbiAqIEBsaWNlbnNlXG4gKiBDb3B5cmlnaHQgR29vZ2xlIEluYy4gQWxsIFJpZ2h0cyBSZXNlcnZlZC5cbiAqXG4gKiBVc2Ugb2YgdGhpcyBzb3VyY2UgY29kZSBpcyBnb3Zlcm5lZCBieSBhbiBNSVQtc3R5bGUgbGljZW5zZSB0aGF0IGNhbiBiZVxuICogZm91bmQgaW4gdGhlIExJQ0VOU0UgZmlsZSBhdCBodHRwczovL2FuZ3VsYXIuaW8vbGljZW5zZVxuICovXG5cbmltcG9ydCB7TmdNb2R1bGV9IGZyb20gJ0Bhbmd1bGFyL2NvcmUnO1xuXG5ATmdNb2R1bGUoe30pXG5leHBvcnQgY2xhc3MgUG9ydGFsTW9kdWxlIHtcbn1cblxuZXhwb3J0IGNvbnN0IGEgPSAxO1xuIl19

--- esm2015/portal/portal.externs.js ---

/** @externs */
/**
 * @externs
 * @suppress {duplicate,checkTypes}
 */
// NOTE: generated by tsickle, do not edit.


--- esm2015/portal/portal.js ---

/**
 * Generated bundle index. Do not edit.
 */
export * from './index';
//# sourceMappingURL=data:application/json;base64,eyJ2ZXJzaW9uIjozLCJmaWxlIjoicG9ydGFsLmpzIiwic291cmNlUm9vdCI6IiIsInNvdXJjZXMiOlsiLi4vLi4vLi4vLi4vLi4vLi4vLi4vLi4vLi4vcGFja2FnZXMvYmF6ZWwvdGVzdC9uZ19wYWNrYWdlL2V4YW1wbGUtd2l0aC10cy1saWJyYXJ5L3BvcnRhbC9wb3J0YWwudHMiXSwibmFtZXMiOltdLCJtYXBwaW5ncyI6IkFBQUE7O0dBRUc7QUFFSCxjQUFjLFNBQVMsQ0FBQyIsInNvdXJjZXNDb250ZW50IjpbIi8qKlxuICogR2VuZXJhdGVkIGJ1bmRsZSBpbmRleC4gRG8gbm90IGVkaXQuXG4gKi9cblxuZXhwb3J0ICogZnJvbSAnLi9pbmRleCc7XG4iXX0=

--- esm2015/utils/index.js ---

/**
 * @license
 * Copyright Google Inc. All Rights Reserved.
 *
 * Use of this source code is governed by an MIT-style license that can be
 * found in the LICENSE file at https://angular.io/license
 */
export * from './testing';
//# sourceMappingURL=data:application/json;base64,eyJ2ZXJzaW9uIjozLCJmaWxlIjoiaW5kZXguanMiLCJzb3VyY2VSb290IjoiIiwic291cmNlcyI6WyIuLi8uLi8uLi8uLi8uLi8uLi8uLi8uLi8uLi9wYWNrYWdlcy9iYXplbC90ZXN0L25nX3BhY2thZ2UvZXhhbXBsZS13aXRoLXRzLWxpYnJhcnkvdXRpbHMvaW5kZXgudHMiXSwibmFtZXMiOltdLCJtYXBwaW5ncyI6IkFBQUE7Ozs7OztHQU1HO0FBRUgsY0FBYyxXQUFXLENBQUMiLCJzb3VyY2VzQ29udGVudCI6WyIvKipcbiAqIEBsaWNlbnNlXG4gKiBDb3B5cmlnaHQgR29vZ2xlIEluYy4gQWxsIFJpZ2h0cyBSZXNlcnZlZC5cbiAqXG4gKiBVc2Ugb2YgdGhpcyBzb3VyY2UgY29kZSBpcyBnb3Zlcm5lZCBieSBhbiBNSVQtc3R5bGUgbGljZW5zZSB0aGF0IGNhbiBiZVxuICogZm91bmQgaW4gdGhlIExJQ0VOU0UgZmlsZSBhdCBodHRwczovL2FuZ3VsYXIuaW8vbGljZW5zZVxuICovXG5cbmV4cG9ydCAqIGZyb20gJy4vdGVzdGluZyc7XG4iXX0=

--- esm2015/utils/testing.js ---

/**
 * @license
 * Copyright Google Inc. All Rights Reserved.
 *
 * Use of this source code is governed by an MIT-style license that can be
 * found in the LICENSE file at https://angular.io/license
 */
export function dispatchFakeEvent(el, ev) {
    el.dispatchEvent(ev);
}
//# sourceMappingURL=data:application/json;base64,eyJ2ZXJzaW9uIjozLCJmaWxlIjoidGVzdGluZy5qcyIsInNvdXJjZVJvb3QiOiIiLCJzb3VyY2VzIjpbIi4uLy4uLy4uLy4uLy4uLy4uLy4uLy4uLy4uL3BhY2thZ2VzL2JhemVsL3Rlc3QvbmdfcGFja2FnZS9leGFtcGxlLXdpdGgtdHMtbGlicmFyeS91dGlscy90ZXN0aW5nLnRzIl0sIm5hbWVzIjpbXSwibWFwcGluZ3MiOiJBQUFBOzs7Ozs7R0FNRztBQUVILE1BQU0sVUFBVSxpQkFBaUIsQ0FBQyxFQUFlLEVBQUUsRUFBUztJQUMxRCxFQUFFLENBQUMsYUFBYSxDQUFDLEVBQUUsQ0FBQyxDQUFDO0FBQ3ZCLENBQUMiLCJzb3VyY2VzQ29udGVudCI6WyIvKipcbiAqIEBsaWNlbnNlXG4gKiBDb3B5cmlnaHQgR29vZ2xlIEluYy4gQWxsIFJpZ2h0cyBSZXNlcnZlZC5cbiAqXG4gKiBVc2Ugb2YgdGhpcyBzb3VyY2UgY29kZSBpcyBnb3Zlcm5lZCBieSBhbiBNSVQtc3R5bGUgbGljZW5zZSB0aGF0IGNhbiBiZVxuICogZm91bmQgaW4gdGhlIExJQ0VOU0UgZmlsZSBhdCBodHRwczovL2FuZ3VsYXIuaW8vbGljZW5zZVxuICovXG5cbmV4cG9ydCBmdW5jdGlvbiBkaXNwYXRjaEZha2VFdmVudChlbDogSFRNTEVsZW1lbnQsIGV2OiBFdmVudCkge1xuICBlbC5kaXNwYXRjaEV2ZW50KGV2KTtcbn1cbiJdfQ==

--- esm2015/utils/utils.externs.js ---



--- fesm2015/example-with-ts-library.js ---

/**
 * @license Angular v0.0.0
 * (c) 2010-2020 Google LLC. https://angular.io/
 * License: MIT
 */

/**
 * @license
 * Copyright Google Inc. All Rights Reserved.
 *
 * Use of this source code is governed by an MIT-style license that can be
 * found in the LICENSE file at https://angular.io/license
 */
const VERSION = '0.0.0';

export { VERSION };
//# sourceMappingURL=example-with-ts-library.js.map


--- fesm2015/portal.js ---

/**
 * @license Angular v0.0.0
 * (c) 2010-2020 Google LLC. https://angular.io/
 * License: MIT
 */

import { NgModule } from '@angular/core';

/**
 * @fileoverview added by tsickle
 * Generated from: packages/bazel/test/ng_package/example-with-ts-library/portal/portal-module.ts
 * @suppress {checkTypes,constantProperty,extraRequire,missingOverride,missingReturn,unusedPrivateMembers,uselessCode} checked by tsc
 */
let PortalModule = /** @class */ (() => {
    class PortalModule {
    }
    PortalModule.decorators = [
        { type: NgModule, args: [{},] }
    ];
    return PortalModule;
})();
/** @type {?} */
const a = 1;

/**
 * @fileoverview added by tsickle
 * Generated from: packages/bazel/test/ng_package/example-with-ts-library/portal/index.ts
 * @suppress {checkTypes,constantProperty,extraRequire,missingOverride,missingReturn,unusedPrivateMembers,uselessCode} checked by tsc
 */

/**
 * Generated bundle index. Do not edit.
 */

export { PortalModule, a };
//# sourceMappingURL=portal.js.map


--- fesm2015/utils.js ---

/**
 * @license Angular v0.0.0
 * (c) 2010-2020 Google LLC. https://angular.io/
 * License: MIT
 */

/**
 * @license
 * Copyright Google Inc. All Rights Reserved.
 *
 * Use of this source code is governed by an MIT-style license that can be
 * found in the LICENSE file at https://angular.io/license
 */
function dispatchFakeEvent(el, ev) {
    el.dispatchEvent(ev);
}

/**
 * @license
 * Copyright Google Inc. All Rights Reserved.
 *
 * Use of this source code is governed by an MIT-style license that can be
 * found in the LICENSE file at https://angular.io/license
 */

export { dispatchFakeEvent };
//# sourceMappingURL=utils.js.map


--- index.d.ts ---

/**
 * @license
 * Copyright Google Inc. All Rights Reserved.
 *
 * Use of this source code is governed by an MIT-style license that can be
 * found in the LICENSE file at https://angular.io/license
 */
export declare const VERSION = "0.0.0";


--- package.json ---

{
  "name": "example",
  "version": "0.0.0",
  "main": "./bundles/example.umd.js",
  "fesm5": "./fesm5/example.js",
  "fesm2015": "./fesm2015/example.js",
  "esm5": "./esm5/index.js",
  "esm2015": "./esm2015/index.js",
  "typings": "./index.d.ts",
  "module": "./fesm5/example.js",
  "es2015": "./fesm2015/example.js",
  "schematics": "Custom property that should be preserved."
}

--- portal/index.d.ts ---

/**
 * @license
 * Copyright Google Inc. All Rights Reserved.
 *
 * Use of this source code is governed by an MIT-style license that can be
 * found in the LICENSE file at https://angular.io/license
 */
export * from './portal-module';


--- portal/package.json ---

{
  "name": "example/portal",
  "main": "../bundles/example-portal.umd.js",
  "fesm2015": "../fesm2015/portal.js",
  "esm2015": "../esm2015/portal/portal.js",
  "typings": "./portal.d.ts",
  "module": "../fesm2015/portal.js",
  "es2015": "../fesm2015/portal.js"
}

--- portal/portal-module.d.ts ---

/**
 * @license
 * Copyright Google Inc. All Rights Reserved.
 *
 * Use of this source code is governed by an MIT-style license that can be
 * found in the LICENSE file at https://angular.io/license
 */
export declare class PortalModule {
}
export declare const a = 1;


--- portal/portal.d.ts ---

/**
 * Generated bundle index. Do not edit.
 */
export * from './index';


--- portal/portal.metadata.json ---

{"__symbolic":"module","version":4,"metadata":{"PortalModule":{"__symbolic":"class","decorators":[{"__symbolic":"call","expression":{"__symbolic":"reference","module":"@angular/core","name":"NgModule","line":10,"character":1},"arguments":[{}]}],"members":{}},"a":1},"origins":{"PortalModule":"./portal-module","a":"./portal-module"},"importAs":"example/portal"}

--- portal.d.ts ---

/**
 * @license Angular v0.0.0
 * (c) 2010-2020 Google LLC. https://angular.io/
 * License: MIT
 */

export * from './portal/portal';


--- portal.metadata.json ---

{"__symbolic":"module","version":3,"metadata":{},"exports":[{"from":"./portal/portal"}],"flatModuleIndexRedirect":true,"importAs":"example/portal"}


--- utils/index.d.ts ---

/**
 * @license
 * Copyright Google Inc. All Rights Reserved.
 *
 * Use of this source code is governed by an MIT-style license that can be
 * found in the LICENSE file at https://angular.io/license
 */
export * from './testing';


--- utils/package.json ---

{
  "name": "example/utils",
  "main": "../bundles/example-utils.umd.js",
  "fesm2015": "../fesm2015/utils.js",
  "esm2015": "../esm2015/utils/index.js",
  "typings": "./index.d.ts",
  "module": "../fesm2015/utils.js",
  "es2015": "../fesm2015/utils.js"
}

--- utils/testing.d.ts ---

/**
 * @license
 * Copyright Google Inc. All Rights Reserved.
 *
 * Use of this source code is governed by an MIT-style license that can be
 * found in the LICENSE file at https://angular.io/license
 */
export declare function dispatchFakeEvent(el: HTMLElement, ev: Event): void;


--- utils.d.ts ---

/**
 * @license Angular v0.0.0
 * (c) 2010-2020 Google LLC. https://angular.io/
 * License: MIT
 */

export * from './utils/index';


--- with-ts-library/package.json ---

{
  "name": "example-with-ts-library",
  "main": "./bundles/example-with-ts-library.umd.js",
  "fesm2015": "./fesm2015/example-with-ts-library.js",
  "esm2015": "../esm2015/index.js",
  "typings": "../index.d.ts",
  "module": "./fesm2015/example-with-ts-library.js",
  "es2015": "./fesm2015/example-with-ts-library.js"
}

--- with-ts-library.d.ts ---

/**
 * @license Angular v0.0.0
 * (c) 2010-2020 Google LLC. https://angular.io/
 * License: MIT
 */

export * from './index';

